2020-07-18 18:13:53 +0000  Initial pipeline context: <IDEDistributionProcessingPipelineContext: 0x7f8fa585e860; archive(resolved)='<IDEArchive: 0x7f8fa0f6bd00>', distributionTask(resolved)='2', distributionDestination(resolved)='2', distributionMethod(resolved)='<IDEDistributionMethodiOSAppStoreDistribution: 0x7f8fa2e72650>', team(resolved)='<IDEProvisioningDisambiguatableBasicTeam: 0x7f8fa1dc69d0; teamID='QJ2K7C9985', teamName='Anna Maniuk', teamType='Individual', username='anna@maniuk.nyc', isFreeProvisioningTeam='0'>'>
	Chain (13, self inclusive):
	<IDEDistributionProcessingPipelineContext: 0x7f8fa585e860; archive = '<IDEArchive: 0x7f8fa0f6bd00>', distributionMethod='<IDEDistributionMethodiOSAppStoreDistribution: 0x7f8fa2e72650>', team='<IDEProvisioningDisambiguatableBasicTeam: 0x7f8fa1dc69d0; teamID='QJ2K7C9985', teamName='Anna Maniuk', teamType='Individual', username='anna@maniuk.nyc', isFreeProvisioningTeam='0'>'>
	<IDEDistributionProcessingPipelineContext: 0x7f8fa585e660; archive = '<IDEArchive: 0x7f8fa0f6bd00>', distributionMethod='<IDEDistributionMethodiOSAppStoreDistribution: 0x7f8fa2e72650>', team='<IDEProvisioningDisambiguatableBasicTeam: 0x7f8fa1dc69d0; teamID='QJ2K7C9985', teamName='Anna Maniuk', teamType='Individual', username='anna@maniuk.nyc', isFreeProvisioningTeam='0'>'>
	<IDEDistributionContext: 0x7f8fa78f3990; archive = '<IDEArchive: 0x7f8fa0f6bd00>', distributionMethod='<IDEDistributionMethodiOSAppStoreDistribution: 0x7f8fa2e72650>', team='<IDEProvisioningDisambiguatableBasicTeam: 0x7f8fa1dc69d0; teamID='QJ2K7C9985', teamName='Anna Maniuk', teamType='Individual', username='anna@maniuk.nyc', isFreeProvisioningTeam='0'>'>
	<IDEDistributionContext: 0x7f8fa5e3d090; archive = '<IDEArchive: 0x7f8fa0f6bd00>', distributionMethod='<IDEDistributionMethodiOSAppStoreDistribution: 0x7f8fa2e72650>', team='<IDEProvisioningDisambiguatableBasicTeam: 0x7f8fa1dc69d0; teamID='QJ2K7C9985', teamName='Anna Maniuk', teamType='Individual', username='anna@maniuk.nyc', isFreeProvisioningTeam='0'>'>
	<IDEDistributionContext: 0x7f8fa5e3cdc0; archive = '<IDEArchive: 0x7f8fa0f6bd00>', distributionMethod='<IDEDistributionMethodiOSAppStoreDistribution: 0x7f8fa2e72650>', team='<IDEProvisioningDisambiguatableBasicTeam: 0x7f8fa1dc69d0; teamID='QJ2K7C9985', teamName='Anna Maniuk', teamType='Individual', username='anna@maniuk.nyc', isFreeProvisioningTeam='0'>'>
	<IDEDistributionContext: 0x7f8fa5deed50; archive = '<IDEArchive: 0x7f8fa0f6bd00>', distributionMethod='<IDEDistributionMethodiOSAppStoreDistribution: 0x7f8fa2e72650>', team='<IDEProvisioningDisambiguatableBasicTeam: 0x7f8fa1dc69d0; teamID='QJ2K7C9985', teamName='Anna Maniuk', teamType='Individual', username='anna@maniuk.nyc', isFreeProvisioningTeam='0'>'>
	<IDEDistributionContext: 0x7f8fa5df0a90; archive = '<IDEArchive: 0x7f8fa0f6bd00>', distributionMethod='<IDEDistributionMethodiOSAppStoreDistribution: 0x7f8fa2e72650>', team='<IDEProvisioningDisambiguatableBasicTeam: 0x7f8fa1dc69d0; teamID='QJ2K7C9985', teamName='Anna Maniuk', teamType='Individual', username='anna@maniuk.nyc', isFreeProvisioningTeam='0'>'>
	<IDEDistributionContext: 0x7f8fa784ef30; archive = '<IDEArchive: 0x7f8fa0f6bd00>', distributionMethod='<IDEDistributionMethodiOSAppStoreDistribution: 0x7f8fa2e72650>', team='<IDEProvisioningDisambiguatableBasicTeam: 0x7f8fa1dc69d0; teamID='QJ2K7C9985', teamName='Anna Maniuk', teamType='Individual', username='anna@maniuk.nyc', isFreeProvisioningTeam='0'>'>
	<IDEDistributionContext: 0x7f8fa78663b0; archive = '<IDEArchive: 0x7f8fa0f6bd00>', distributionMethod='<IDEDistributionMethodiOSAppStoreDistribution: 0x7f8fa2e72650>', team='<IDEProvisioningDisambiguatableBasicTeam: 0x7f8fa1dc69d0; teamID='QJ2K7C9985', teamName='Anna Maniuk', teamType='Individual', username='anna@maniuk.nyc', isFreeProvisioningTeam='0'>'>
	<IDEDistributionContext: 0x7f8fa7808620; archive = '<IDEArchive: 0x7f8fa0f6bd00>', distributionMethod='<IDEDistributionMethodiOSAppStoreDistribution: 0x7f8fa2e72650>', team='<IDEProvisioningDisambiguatableBasicTeam: 0x7f8fa1dc69d0; teamID='QJ2K7C9985', teamName='Anna Maniuk', teamType='Individual', username='anna@maniuk.nyc', isFreeProvisioningTeam='0'>'>
	<IDEDistributionContext: 0x7f8fa3475ed0; archive = '<IDEArchive: 0x7f8fa0f6bd00>', distributionMethod='<IDEDistributionMethodiOSAppStoreDistribution: 0x7f8fa2e72650>', team='(null)'>
	<IDEDistributionContext: 0x7f8f9f825390; archive = '<IDEArchive: 0x7f8fa0f6bd00>', distributionMethod='<IDEDistributionMethodiOSAppStoreDistribution: 0x7f8fa2e72650>', team='(null)'>
	<IDEDistributionContext: 0x7f8fa7853220; archive = '<IDEArchive: 0x7f8fa0f6bd00>', distributionMethod='(null)', team='(null)'>
</IDEDistributionProcessingPipelineContext: 0x7f8fa585e860>
2020-07-18 18:13:53 +0000  Processing step: IDEDistributionCreateDestRootStep
2020-07-18 18:13:53 +0000  Processing step: IDEDistributionCopyItemStep
2020-07-18 18:13:53 +0000  Running /usr/bin/ditto '-V' '/Users/anna/Library/Developer/Xcode/Archives/2020-07-18/Scrabble Calculator 7-18-20, 2.12 PM.xcarchive/Products/Applications/Scrabble Calculator.app' '/var/folders/ts/hs0gb4056nn4q5k_wb0876nh0000gn/T/XcodeDistPipeline.~~~ZJ0Xxb/Root/Payload/Scrabble Calculator.app'
2020-07-18 18:13:53 +0000  >>> Copying /Users/anna/Library/Developer/Xcode/Archives/2020-07-18/Scrabble Calculator 7-18-20, 2.12 PM.xcarchive/Products/Applications/Scrabble Calculator.app 
2020-07-18 18:13:53 +0000  copying file ./_CodeSignature/CodeResources ... 
2020-07-18 18:13:53 +0000  16759 bytes for ./_CodeSignature/CodeResources
2020-07-18 18:13:53 +0000  copying file ./LaunchImage-1100-Portrait-2436h@3x.png ... 
2020-07-18 18:13:53 +0000  1418367 bytes for ./LaunchImage-1100-Portrait-2436h@3x.png
copying file ./LaunchImage@2x.png ... 
2020-07-18 18:13:53 +0000  191387 bytes for ./LaunchImage@2x.png
2020-07-18 18:13:53 +0000  copying file ./MainViewController.nib/objects-13.0+.nib ... 
2020-07-18 18:13:53 +0000  980 bytes for ./MainViewController.nib/objects-13.0+.nib
copying file ./MainViewController.nib/runtime.nib ... 
2020-07-18 18:13:53 +0000  980 bytes for ./MainViewController.nib/runtime.nib
2020-07-18 18:13:53 +0000  copying file ./LaunchImage-568h@2x.png ... 
2020-07-18 18:13:53 +0000  265580 bytes for ./LaunchImage-568h@2x.png
copying file ./AppIcon60x60@2x.png ... 
2020-07-18 18:13:53 +0000  8909 bytes for ./AppIcon60x60@2x.png
copying file ./LaunchImage-1100-Landscape-2436h@3x.png ... 
2020-07-18 18:13:53 +0000  1744493 bytes for ./LaunchImage-1100-Landscape-2436h@3x.png
2020-07-18 18:13:53 +0000  copying file ./LaunchImage-800-667h@2x.png ... 
2020-07-18 18:13:53 +0000  394242 bytes for ./LaunchImage-800-667h@2x.png
copying file ./LaunchImage-Portrait@2x~ipad.png ... 
2020-07-18 18:13:53 +0000  1465090 bytes for ./LaunchImage-Portrait@2x~ipad.png
copying file ./LaunchImage-Portrait~ipad.png ... 
2020-07-18 18:13:53 +0000  269495 bytes for ./LaunchImage-Portrait~ipad.png
2020-07-18 18:13:53 +0000  copying file ./Scrabble Calculator ... 
2020-07-18 18:13:53 +0000  267296 bytes for ./Scrabble Calculator
2020-07-18 18:13:53 +0000  copying file ./config.xml ... 
2020-07-18 18:13:53 +0000  2790 bytes for ./config.xml
2020-07-18 18:13:53 +0000  copying file ./www/bootstrap.min.css ... 
2020-07-18 18:13:53 +0000  153182 bytes for ./www/bootstrap.min.css
copying file ./www/favicon.ico ... 
2020-07-18 18:13:53 +0000  10103 bytes for ./www/favicon.ico
copying file ./www/index.html ... 
2020-07-18 18:13:53 +0000  6154 bytes for ./www/index.html
copying file ./www/cordova.js ... 
2020-07-18 18:13:53 +0000  69846 bytes for ./www/cordova.js
2020-07-18 18:13:53 +0000  copying file ./www/plugins/cordova-plugin-ionic-webview/src/www/util.js ... 
2020-07-18 18:13:53 +0000  964 bytes for ./www/plugins/cordova-plugin-ionic-webview/src/www/util.js
2020-07-18 18:13:53 +0000  copying file ./www/plugins/cordova-plugin-ionic-webview/src/www/ios/ios-wkwebview-exec.js ... 
2020-07-18 18:13:53 +0000  6179 bytes for ./www/plugins/cordova-plugin-ionic-webview/src/www/ios/ios-wkwebview-exec.js
2020-07-18 18:13:53 +0000  copying file ./www/graphic.png ... 
2020-07-18 18:13:53 +0000  254938 bytes for ./www/graphic.png
copying file ./www/asset-manifest.json ... 
2020-07-18 18:13:53 +0000  914 bytes for ./www/asset-manifest.json
2020-07-18 18:13:53 +0000  copying file ./www/logo.png ... 
2020-07-18 18:13:53 +0000  28867 bytes for ./www/logo.png
2020-07-18 18:13:53 +0000  copying file ./www/static/css/2.75ee4df5.chunk.css.map ... 
2020-07-18 18:13:53 +0000  3452 bytes for ./www/static/css/2.75ee4df5.chunk.css.map
2020-07-18 18:13:53 +0000  copying file ./www/static/css/main.72180824.chunk.css ... 
2020-07-18 18:13:53 +0000  78061 bytes for ./www/static/css/main.72180824.chunk.css
2020-07-18 18:13:53 +0000  copying file ./www/static/css/main.72180824.chunk.css.map ... 
2020-07-18 18:13:53 +0000  88413 bytes for ./www/static/css/main.72180824.chunk.css.map
2020-07-18 18:13:53 +0000  copying file ./www/static/css/2.75ee4df5.chunk.css ... 
2020-07-18 18:13:53 +0000  1943 bytes for ./www/static/css/2.75ee4df5.chunk.css
2020-07-18 18:13:53 +0000  copying file ./www/static/js/runtime~main.bcbcd680.js ... 
2020-07-18 18:13:53 +0000  1573 bytes for ./www/static/js/runtime~main.bcbcd680.js
2020-07-18 18:13:53 +0000  copying file ./www/static/js/main.d36e7626.chunk.js.map ... 
2020-07-18 18:13:53 +0000  89850 bytes for ./www/static/js/main.d36e7626.chunk.js.map
copying file ./www/static/js/2.94dff19d.chunk.js.map ... 
2020-07-18 18:13:53 +0000  954121 bytes for ./www/static/js/2.94dff19d.chunk.js.map
2020-07-18 18:13:53 +0000  copying file ./www/static/js/main.d36e7626.chunk.js ... 
2020-07-18 18:13:53 +0000  37537 bytes for ./www/static/js/main.d36e7626.chunk.js
2020-07-18 18:13:53 +0000  copying file ./www/static/js/runtime~main.bcbcd680.js.map ... 
2020-07-18 18:13:53 +0000  8294 bytes for ./www/static/js/runtime~main.bcbcd680.js.map
copying file ./www/static/js/2.94dff19d.chunk.js ... 
2020-07-18 18:13:53 +0000  269199 bytes for ./www/static/js/2.94dff19d.chunk.js
2020-07-18 18:13:53 +0000  copying file ./www/cordova-js-src/exec.js ... 
2020-07-18 18:13:53 +0000  8856 bytes for ./www/cordova-js-src/exec.js
2020-07-18 18:13:53 +0000  copying file ./www/cordova-js-src/plugin/ios/logger.js ... 
2020-07-18 18:13:53 +0000  10181 bytes for ./www/cordova-js-src/plugin/ios/logger.js
2020-07-18 18:13:53 +0000  copying file ./www/cordova-js-src/plugin/ios/console.js ... 
2020-07-18 18:13:53 +0000  6873 bytes for ./www/cordova-js-src/plugin/ios/console.js
copying file ./www/cordova-js-src/platform.js ... 
2020-07-18 18:13:53 +0000  1168 bytes for ./www/cordova-js-src/platform.js
2020-07-18 18:13:53 +0000  copying file ./www/manifest.json ... 
2020-07-18 18:13:53 +0000  318 bytes for ./www/manifest.json
2020-07-18 18:13:53 +0000  copying file ./www/cordova_plugins.js ... 
2020-07-18 18:13:53 +0000  730 bytes for ./www/cordova_plugins.js
2020-07-18 18:13:53 +0000  copying file ./www/service-worker.js ... 
2020-07-18 18:13:53 +0000  1183 bytes for ./www/service-worker.js
2020-07-18 18:13:53 +0000  copying file ./www/precache-manifest.5049a71971ed81fa75d30cafcf043e92.js ... 
2020-07-18 18:13:53 +0000  635 bytes for ./www/precache-manifest.5049a71971ed81fa75d30cafcf043e92.js
2020-07-18 18:13:53 +0000  copying file ./www/privacy_policy.html ... 
2020-07-18 18:13:53 +0000  8600 bytes for ./www/privacy_policy.html
2020-07-18 18:13:53 +0000  copying file ./www/wk-plugin.js ... 
2020-07-18 18:13:53 +0000  1388 bytes for ./www/wk-plugin.js
2020-07-18 18:13:53 +0000  copying file ./LaunchImage-Landscape~ipad.png ... 
2020-07-18 18:13:53 +0000  362580 bytes for ./LaunchImage-Landscape~ipad.png
copying file ./LaunchImage-700-Portrait~ipad.png ... 
2020-07-18 18:13:53 +0000  269495 bytes for ./LaunchImage-700-Portrait~ipad.png
2020-07-18 18:13:53 +0000  copying file ./Assets.car ... 
2020-07-18 18:13:53 +0000  259976 bytes for ./Assets.car
2020-07-18 18:13:53 +0000  copying file ./AppIcon76x76@2x~ipad.png ... 
2020-07-18 18:13:53 +0000  11121 bytes for ./AppIcon76x76@2x~ipad.png
2020-07-18 18:13:53 +0000  copying file ./LaunchImage-800-Portrait-736h@3x.png ... 
2020-07-18 18:13:53 +0000  1393650 bytes for ./LaunchImage-800-Portrait-736h@3x.png
2020-07-18 18:13:53 +0000  copying file ./CDVLaunchScreen.storyboardc/01J-lp-oVM-view-Ze5-6b-2t3.nib/objects-13.0+.nib ... 
2020-07-18 18:13:53 +0000  2329 bytes for ./CDVLaunchScreen.storyboardc/01J-lp-oVM-view-Ze5-6b-2t3.nib/objects-13.0+.nib
2020-07-18 18:13:53 +0000  copying file ./CDVLaunchScreen.storyboardc/01J-lp-oVM-view-Ze5-6b-2t3.nib/runtime.nib ... 
2020-07-18 18:13:53 +0000  2325 bytes for ./CDVLaunchScreen.storyboardc/01J-lp-oVM-view-Ze5-6b-2t3.nib/runtime.nib
2020-07-18 18:13:53 +0000  copying file ./CDVLaunchScreen.storyboardc/UIViewController-01J-lp-oVM.nib/objects-13.0+.nib ... 
2020-07-18 18:13:53 +0000  896 bytes for ./CDVLaunchScreen.storyboardc/UIViewController-01J-lp-oVM.nib/objects-13.0+.nib
2020-07-18 18:13:53 +0000  copying file ./CDVLaunchScreen.storyboardc/UIViewController-01J-lp-oVM.nib/runtime.nib ... 
2020-07-18 18:13:53 +0000  896 bytes for ./CDVLaunchScreen.storyboardc/UIViewController-01J-lp-oVM.nib/runtime.nib
2020-07-18 18:13:53 +0000  copying file ./CDVLaunchScreen.storyboardc/Info.plist ... 
2020-07-18 18:13:53 +0000  258 bytes for ./CDVLaunchScreen.storyboardc/Info.plist
2020-07-18 18:13:53 +0000  copying file ./LaunchImage-700@2x.png ... 
2020-07-18 18:13:53 +0000  191387 bytes for ./LaunchImage-700@2x.png
copying file ./LaunchImage-700-568h@2x.png ... 
2020-07-18 18:13:53 +0000  265580 bytes for ./LaunchImage-700-568h@2x.png
2020-07-18 18:13:53 +0000  copying file ./LaunchImage-Landscape@2x~ipad.png ... 
2020-07-18 18:13:53 +0000  2369723 bytes for ./LaunchImage-Landscape@2x~ipad.png
2020-07-18 18:13:53 +0000  copying file ./LaunchImage-700-Landscape@2x~ipad.png ... 
2020-07-18 18:13:53 +0000  2369723 bytes for ./LaunchImage-700-Landscape@2x~ipad.png
2020-07-18 18:13:53 +0000  copying file ./LaunchImage.png ... 
56812 bytes for ./LaunchImage.png
copying file ./embedded.mobileprovision ... 
2020-07-18 18:13:53 +0000  7329 bytes for ./embedded.mobileprovision
2020-07-18 18:13:53 +0000  copying file ./LaunchImage-800-Landscape-736h@3x.png ... 
2020-07-18 18:13:53 +0000  1841249 bytes for ./LaunchImage-800-Landscape-736h@3x.png
2020-07-18 18:13:53 +0000  copying file ./LaunchImage-700-Portrait@2x~ipad.png ... 
2020-07-18 18:13:53 +0000  1465090 bytes for ./LaunchImage-700-Portrait@2x~ipad.png
2020-07-18 18:13:53 +0000  copying file ./LaunchImage-700-Landscape~ipad.png ... 
2020-07-18 18:13:53 +0000  362580 bytes for ./LaunchImage-700-Landscape~ipad.png
2020-07-18 18:13:53 +0000  copying file ./Info.plist ... 
2020-07-18 18:13:53 +0000  2082 bytes for ./Info.plist
2020-07-18 18:13:53 +0000  copying file ./PkgInfo ... 
2020-07-18 18:13:53 +0000  8 bytes for ./PkgInfo
2020-07-18 18:13:53 +0000  /usr/bin/ditto exited with 0
2020-07-18 18:13:53 +0000  Processing step: IDEDistributionEmbedProfileStep
2020-07-18 18:13:53 +0000  Processing step: IDEDistributionItemRemovalStep
2020-07-18 18:13:53 +0000  Processing step: IDEDistributionAppThinningPlistStep
2020-07-18 18:13:53 +0000  Skipping step: IDEDistributionAppThinningPlistStep because it said so
2020-07-18 18:13:53 +0000  Processing step: IDEDistributionCompileBitcodeStep
2020-07-18 18:13:53 +0000  Skipping step: IDEDistributionCompileBitcodeStep because it said so
2020-07-18 18:13:53 +0000  Processing step: IDEDistributionCodeSlimmingStep
2020-07-18 18:13:53 +0000  Processing step: IDEDistributionCopyBCSymbolMapsStep
2020-07-18 18:13:53 +0000  Processing step: IDEDistributionSymbolsStep
2020-07-18 18:13:53 +0000  Processing symbols for Scrabble Calculator.app
2020-07-18 18:13:53 +0000  Running /usr/bin/rsync '-8aPhhE' '/var/folders/ts/hs0gb4056nn4q5k_wb0876nh0000gn/T/XcodeDistPipeline.~~~ZJ0Xxb/Root/Payload/Scrabble Calculator.app' '--link-dest' '/var/folders/ts/hs0gb4056nn4q5k_wb0876nh0000gn/T/XcodeDistPipeline.~~~ZJ0Xxb/Root/Payload' '/var/folders/ts/hs0gb4056nn4q5k_wb0876nh0000gn/T/XcodeDistPipeline.~~~ZJ0Xxb'
2020-07-18 18:13:53 +0000  building file list ... 
2020-07-18 18:13:53 +0000   0 files...2020-07-18 18:13:53 +0000  81 files to consider
2020-07-18 18:13:53 +0000  Scrabble Calculator.app/
2020-07-18 18:13:53 +0000  Scrabble Calculator.app/CDVLaunchScreen.storyboardc/
Scrabble Calculator.app/CDVLaunchScreen.storyboardc/01J-lp-oVM-view-Ze5-6b-2t3.nib/
Scrabble Calculator.app/CDVLaunchScreen.storyboardc/UIViewController-01J-lp-oVM.nib/
Scrabble Calculator.app/MainViewController.nib/
Scrabble Calculator.app/_CodeSignature/
2020-07-18 18:13:53 +0000  Scrabble Calculator.app/www/
Scrabble Calculator.app/www/cordova-js-src/
Scrabble Calculator.app/www/cordova-js-src/plugin/
Scrabble Calculator.app/www/cordova-js-src/plugin/ios/
Scrabble Calculator.app/www/plugins/
Scrabble Calculator.app/www/plugins/cordova-plugin-ionic-webview/
Scrabble Calculator.app/www/plugins/cordova-plugin-ionic-webview/src/
Scrabble Calculator.app/www/plugins/cordova-plugin-ionic-webview/src/www/
Scrabble Calculator.app/www/plugins/cordova-plugin-ionic-webview/src/www/ios/
Scrabble Calculator.app/www/static/
Scrabble Calculator.app/www/static/css/
Scrabble Calculator.app/www/static/js/
2020-07-18 18:13:53 +0000  
sent 2.57K bytes  received 128 bytes  5.39K bytes/sec
2020-07-18 18:13:53 +0000  total size is 18.49M  speedup is 7018.46
2020-07-18 18:13:53 +0000  /usr/bin/rsync exited with 0
2020-07-18 18:13:53 +0000  Running /usr/bin/rsync '-8aPhhE' '/Users/anna/Library/Developer/Xcode/Archives/2020-07-18/Scrabble Calculator 7-18-20, 2.12 PM.xcarchive/dSYMs/' '--link-dest' '/Users/anna/Library/Developer/Xcode/Archives/2020-07-18/Scrabble Calculator 7-18-20, 2.12 PM.xcarchive/dSYMs/' '/var/folders/ts/hs0gb4056nn4q5k_wb0876nh0000gn/T/XcodeDistPipeline.~~~ZJ0Xxb'
2020-07-18 18:13:53 +0000  building file list ... 
2020-07-18 18:13:53 +0000   0 files...2020-07-18 18:13:53 +0000  7 files to consider
2020-07-18 18:13:53 +0000  ./
2020-07-18 18:13:53 +0000  Scrabble Calculator.app.dSYM/
Scrabble Calculator.app.dSYM/Contents/
2020-07-18 18:13:53 +0000  Scrabble Calculator.app.dSYM/Contents/Resources/
Scrabble Calculator.app.dSYM/Contents/Resources/DWARF/
2020-07-18 18:13:53 +0000  
sent 269 bytes  received 50 bytes  638.00 bytes/sec
2020-07-18 18:13:53 +0000  total size is 1.30M  speedup is 4289.45
2020-07-18 18:13:53 +0000  /usr/bin/rsync exited with 0
2020-07-18 18:13:53 +0000  Running /Applications/Xcode.app/Contents/Developer/usr/bin/symbols '-noTextInSOD' '-noDaemon' '-arch' 'all' '-symbolsPackageDir' '/var/folders/ts/hs0gb4056nn4q5k_wb0876nh0000gn/T/XcodeDistPipeline.~~~ZJ0Xxb/Symbols' '/var/folders/ts/hs0gb4056nn4q5k_wb0876nh0000gn/T/XcodeDistPipeline.~~~ZJ0Xxb/Scrabble Calculator.app.dSYM/Contents/Resources/Dwarf/Scrabble Calculator'
2020-07-18 18:13:53 +0000  /var/folders/ts/hs0gb4056nn4q5k_wb0876nh0000gn/T/XcodeDistPipeline.~~~ZJ0Xxb/Scrabble Calculator.app.dSYM/Contents/Resources/Dwarf/Scrabble Calculator [arm64, 0.006258 seconds]:
2020-07-18 18:13:53 +0000  /Applications/Xcode.app/Contents/Developer/usr/bin/symbols exited with 0
2020-07-18 18:13:53 +0000  Processing step: IDEDistributionCopyAppleProvidedContentStep
2020-07-18 18:13:53 +0000  Processing step: IDEDistributionAppThinningStep
2020-07-18 18:13:53 +0000  Skipping step: IDEDistributionAppThinningStep because it said so
2020-07-18 18:13:53 +0000  Processing step: IDEDistributionArchThinningStep
2020-07-18 18:13:53 +0000  Running /Applications/Xcode.app/Contents/Developer/Toolchains/XcodeDefault.xctoolchain/usr/bin/lipo '/var/folders/ts/hs0gb4056nn4q5k_wb0876nh0000gn/T/XcodeDistPipeline.~~~ZJ0Xxb/Root/Payload/Scrabble Calculator.app/Scrabble Calculator' '-verify_arch' 'arm64e'
2020-07-18 18:13:53 +0000  /Applications/Xcode.app/Contents/Developer/Toolchains/XcodeDefault.xctoolchain/usr/bin/lipo exited with 1
2020-07-18 18:13:53 +0000  Skipping architecture thinning for item "Scrabble Calculator" because arch "arm64e" wasn't found
2020-07-18 18:13:53 +0000  Processing step: IDEDistributionODRStep
2020-07-18 18:13:53 +0000  Processing step: IDEDistributionStripXattrsStep
2020-07-18 18:13:53 +0000  Running /usr/bin/xattr '-crs' '/var/folders/ts/hs0gb4056nn4q5k_wb0876nh0000gn/T/XcodeDistPipeline.~~~ZJ0Xxb/Root/Payload/Scrabble Calculator.app'
2020-07-18 18:13:54 +0000  /usr/bin/xattr exited with 0
2020-07-18 18:13:54 +0000  Processing step: IDEDistributionCodesignStep
2020-07-18 18:13:54 +0000  Entitlements for <IDEDistributionItem: 0x7f8fa2ddd980; bundleID='com.saintmarina.scrabblescore', path='<DVTFilePath:0x7f8f9f88f9e0:'/Users/anna/Library/Developer/Xcode/Archives/2020-07-18/Scrabble Calculator 7-18-20, 2.12 PM.xcarchive/Products/Applications/Scrabble Calculator.app'>', codeSigningInfo='<_DVTCodeSigningInformation_Path: 0x7f8fa393b550; isSigned='1', isAdHocSigned='0', signingCertificate='<DVTSigningCertificate: 0x7f8fa58b5420; name='Apple Distribution: Anna Maniuk (QJ2K7C9985)', hash='9F7BFD57BF63CB050E6A76D0351D57DA726F2262', serialNumber='B1346152769AE09', certificateKinds='(
    "1.2.840.113635.100.6.1.4",
    "1.2.840.113635.100.6.1.7"
), issueDate='2020-02-05 05:03:08 +0000''>', entitlements='{
    "application-identifier" = "QJ2K7C9985.com.saintmarina.scrabblescore";
    "beta-reports-active" = 1;
    "com.apple.developer.team-identifier" = QJ2K7C9985;
    "get-task-allow" = 0;
}', teamID='QJ2K7C9985', identifier='com.saintmarina.scrabblescore', executablePath='<DVTFilePath:0x7f8fa341fe80:'/Users/anna/Library/Developer/Xcode/Archives/2020-07-18/Scrabble Calculator 7-18-20, 2.12 PM.xcarchive/Products/Applications/Scrabble Calculator.app/Scrabble Calculator'>', hardenedRuntime='0'>'>: {
    "application-identifier" = "QJ2K7C9985.com.saintmarina.scrabblescore";
    "beta-reports-active" = 1;
    "com.apple.developer.team-identifier" = QJ2K7C9985;
    "get-task-allow" = 0;
}
2020-07-18 18:13:54 +0000  Writing entitlements for <IDEDistributionItem: 0x7f8fa2ddd980; bundleID='com.saintmarina.scrabblescore', path='<DVTFilePath:0x7f8f9f88f9e0:'/Users/anna/Library/Developer/Xcode/Archives/2020-07-18/Scrabble Calculator 7-18-20, 2.12 PM.xcarchive/Products/Applications/Scrabble Calculator.app'>', codeSigningInfo='<_DVTCodeSigningInformation_Path: 0x7f8fa393b550; isSigned='1', isAdHocSigned='0', signingCertificate='<DVTSigningCertificate: 0x7f8fa397a090; name='Apple Distribution: Anna Maniuk (QJ2K7C9985)', hash='9F7BFD57BF63CB050E6A76D0351D57DA726F2262', serialNumber='B1346152769AE09', certificateKinds='(
    "1.2.840.113635.100.6.1.4",
    "1.2.840.113635.100.6.1.7"
), issueDate='2020-02-05 05:03:08 +0000''>', entitlements='{
    "application-identifier" = "QJ2K7C9985.com.saintmarina.scrabblescore";
    "beta-reports-active" = 1;
    "com.apple.developer.team-identifier" = QJ2K7C9985;
    "get-task-allow" = 0;
}', teamID='QJ2K7C9985', identifier='com.saintmarina.scrabblescore', executablePath='<DVTFilePath:0x7f8fa341fe80:'/Users/anna/Library/Developer/Xcode/Archives/2020-07-18/Scrabble Calculator 7-18-20, 2.12 PM.xcarchive/Products/Applications/Scrabble Calculator.app/Scrabble Calculator'>', hardenedRuntime='0'>'> to: /var/folders/ts/hs0gb4056nn4q5k_wb0876nh0000gn/T/XcodeDistPipeline.~~~ZJ0Xxb/entitlements~~~juhG8t
2020-07-18 18:13:54 +0000  Running /usr/bin/codesign '-vvv' '--force' '--sign' '9F7BFD57BF63CB050E6A76D0351D57DA726F2262' '--entitlements' '/var/folders/ts/hs0gb4056nn4q5k_wb0876nh0000gn/T/XcodeDistPipeline.~~~ZJ0Xxb/entitlements~~~juhG8t' '--preserve-metadata=identifier,flags,runtime' '/var/folders/ts/hs0gb4056nn4q5k_wb0876nh0000gn/T/XcodeDistPipeline.~~~ZJ0Xxb/Root/Payload/Scrabble Calculator.app'
2020-07-18 18:13:54 +0000  /var/folders/ts/hs0gb4056nn4q5k_wb0876nh0000gn/T/XcodeDistPipeline.~~~ZJ0Xxb/Root/Payload/Scrabble Calculator.app: replacing existing signature
2020-07-18 18:13:54 +0000  /var/folders/ts/hs0gb4056nn4q5k_wb0876nh0000gn/T/XcodeDistPipeline.~~~ZJ0Xxb/Root/Payload/Scrabble Calculator.app: signed app bundle with Mach-O thin (arm64) [com.saintmarina.scrabblescore]
2020-07-18 18:13:54 +0000  /usr/bin/codesign exited with 0
2020-07-18 18:13:54 +0000  Processing step: IDEDistributionZipODRItemStep
2020-07-18 18:13:54 +0000  Skipping step: IDEDistributionZipODRItemStep because it said so
2020-07-18 18:13:54 +0000  Processing step: IDEDistributionCreateIPAStep
2020-07-18 18:13:54 +0000  Running /usr/bin/rsync '-8aPhhE' '/var/folders/ts/hs0gb4056nn4q5k_wb0876nh0000gn/T/XcodeDistPipeline.~~~ZJ0Xxb/Symbols' '--link-dest' '/var/folders/ts/hs0gb4056nn4q5k_wb0876nh0000gn/T/XcodeDistPipeline.~~~ZJ0Xxb' '/var/folders/ts/hs0gb4056nn4q5k_wb0876nh0000gn/T/XcodeDistPipeline.~~~ZJ0Xxb/Root'
2020-07-18 18:13:54 +0000  building file list ... 
2020-07-18 18:13:54 +0000   0 files...2020-07-18 18:13:54 +0000  2 files to consider
2020-07-18 18:13:54 +0000  Symbols/
2020-07-18 18:13:54 +0000  
sent 141 bytes  received 26 bytes  334.00 bytes/sec
2020-07-18 18:13:54 +0000  total size is 87.75K  speedup is 538.06
2020-07-18 18:13:54 +0000  /usr/bin/rsync exited with 0
2020-07-18 18:13:54 +0000  Running /usr/bin/ditto '-V' '-c' '-k' '--norsrc' '/var/folders/ts/hs0gb4056nn4q5k_wb0876nh0000gn/T/XcodeDistPipeline.~~~ZJ0Xxb/Root' '/var/folders/ts/hs0gb4056nn4q5k_wb0876nh0000gn/T/XcodeDistPipeline.~~~ZJ0Xxb/Packages/Scrabble Calculator.ipa'
2020-07-18 18:13:54 +0000  >>> Copying /var/folders/ts/hs0gb4056nn4q5k_wb0876nh0000gn/T/XcodeDistPipeline.~~~ZJ0Xxb/Root 
2020-07-18 18:13:54 +0000  copying file ./Payload/Scrabble Calculator.app/_CodeSignature/CodeResources ... 
2020-07-18 18:13:54 +0000  16759 bytes for ./Payload/Scrabble Calculator.app/_CodeSignature/CodeResources
2020-07-18 18:13:54 +0000  copying file ./Payload/Scrabble Calculator.app/LaunchImage-1100-Portrait-2436h@3x.png ... 
2020-07-18 18:13:54 +0000  1418367 bytes for ./Payload/Scrabble Calculator.app/LaunchImage-1100-Portrait-2436h@3x.png
2020-07-18 18:13:54 +0000  copying file ./Payload/Scrabble Calculator.app/LaunchImage@2x.png ... 
2020-07-18 18:13:54 +0000  191387 bytes for ./Payload/Scrabble Calculator.app/LaunchImage@2x.png
2020-07-18 18:13:54 +0000  copying file ./Payload/Scrabble Calculator.app/MainViewController.nib/objects-13.0+.nib ... 
980 bytes for ./Payload/Scrabble Calculator.app/MainViewController.nib/objects-13.0+.nib
copying file ./Payload/Scrabble Calculator.app/MainViewController.nib/runtime.nib ... 
2020-07-18 18:13:54 +0000  980 bytes for ./Payload/Scrabble Calculator.app/MainViewController.nib/runtime.nib
copying file ./Payload/Scrabble Calculator.app/LaunchImage-568h@2x.png ... 
2020-07-18 18:13:54 +0000  265580 bytes for ./Payload/Scrabble Calculator.app/LaunchImage-568h@2x.png
2020-07-18 18:13:54 +0000  copying file ./Payload/Scrabble Calculator.app/AppIcon60x60@2x.png ... 
8909 bytes for ./Payload/Scrabble Calculator.app/AppIcon60x60@2x.png
2020-07-18 18:13:54 +0000  copying file ./Payload/Scrabble Calculator.app/LaunchImage-1100-Landscape-2436h@3x.png ... 
2020-07-18 18:13:54 +0000  1744493 bytes for ./Payload/Scrabble Calculator.app/LaunchImage-1100-Landscape-2436h@3x.png
2020-07-18 18:13:54 +0000  copying file ./Payload/Scrabble Calculator.app/LaunchImage-800-667h@2x.png ... 
2020-07-18 18:13:54 +0000  394242 bytes for ./Payload/Scrabble Calculator.app/LaunchImage-800-667h@2x.png
2020-07-18 18:13:54 +0000  copying file ./Payload/Scrabble Calculator.app/LaunchImage-Portrait@2x~ipad.png ... 
2020-07-18 18:13:54 +0000  1465090 bytes for ./Payload/Scrabble Calculator.app/LaunchImage-Portrait@2x~ipad.png
2020-07-18 18:13:54 +0000  copying file ./Payload/Scrabble Calculator.app/LaunchImage-Portrait~ipad.png ... 
2020-07-18 18:13:54 +0000  269495 bytes for ./Payload/Scrabble Calculator.app/LaunchImage-Portrait~ipad.png
copying file ./Payload/Scrabble Calculator.app/Scrabble Calculator ... 
2020-07-18 18:13:54 +0000  267296 bytes for ./Payload/Scrabble Calculator.app/Scrabble Calculator
2020-07-18 18:13:54 +0000  copying file ./Payload/Scrabble Calculator.app/config.xml ... 
2790 bytes for ./Payload/Scrabble Calculator.app/config.xml
copying file ./Payload/Scrabble Calculator.app/www/bootstrap.min.css ... 
2020-07-18 18:13:54 +0000  153182 bytes for ./Payload/Scrabble Calculator.app/www/bootstrap.min.css
copying file ./Payload/Scrabble Calculator.app/www/favicon.ico ... 
2020-07-18 18:13:54 +0000  10103 bytes for ./Payload/Scrabble Calculator.app/www/favicon.ico
2020-07-18 18:13:54 +0000  copying file ./Payload/Scrabble Calculator.app/www/index.html ... 
2020-07-18 18:13:54 +0000  6154 bytes for ./Payload/Scrabble Calculator.app/www/index.html
copying file ./Payload/Scrabble Calculator.app/www/cordova.js ... 
2020-07-18 18:13:54 +0000  69846 bytes for ./Payload/Scrabble Calculator.app/www/cordova.js
2020-07-18 18:13:54 +0000  copying file ./Payload/Scrabble Calculator.app/www/plugins/cordova-plugin-ionic-webview/src/www/util.js ... 
2020-07-18 18:13:54 +0000  964 bytes for ./Payload/Scrabble Calculator.app/www/plugins/cordova-plugin-ionic-webview/src/www/util.js
copying file ./Payload/Scrabble Calculator.app/www/plugins/cordova-plugin-ionic-webview/src/www/ios/ios-wkwebview-exec.js ... 
2020-07-18 18:13:54 +0000  6179 bytes for ./Payload/Scrabble Calculator.app/www/plugins/cordova-plugin-ionic-webview/src/www/ios/ios-wkwebview-exec.js
copying file ./Payload/Scrabble Calculator.app/www/graphic.png ... 
2020-07-18 18:13:54 +0000  254938 bytes for ./Payload/Scrabble Calculator.app/www/graphic.png
copying file ./Payload/Scrabble Calculator.app/www/asset-manifest.json ... 
2020-07-18 18:13:54 +0000  914 bytes for ./Payload/Scrabble Calculator.app/www/asset-manifest.json
copying file ./Payload/Scrabble Calculator.app/www/logo.png ... 
2020-07-18 18:13:54 +0000  28867 bytes for ./Payload/Scrabble Calculator.app/www/logo.png
2020-07-18 18:13:54 +0000  copying file ./Payload/Scrabble Calculator.app/www/static/css/2.75ee4df5.chunk.css.map ... 
2020-07-18 18:13:54 +0000  3452 bytes for ./Payload/Scrabble Calculator.app/www/static/css/2.75ee4df5.chunk.css.map
copying file ./Payload/Scrabble Calculator.app/www/static/css/main.72180824.chunk.css ... 
2020-07-18 18:13:54 +0000  78061 bytes for ./Payload/Scrabble Calculator.app/www/static/css/main.72180824.chunk.css
copying file ./Payload/Scrabble Calculator.app/www/static/css/main.72180824.chunk.css.map ... 
2020-07-18 18:13:54 +0000  88413 bytes for ./Payload/Scrabble Calculator.app/www/static/css/main.72180824.chunk.css.map
2020-07-18 18:13:54 +0000  copying file ./Payload/Scrabble Calculator.app/www/static/css/2.75ee4df5.chunk.css ... 
1943 bytes for ./Payload/Scrabble Calculator.app/www/static/css/2.75ee4df5.chunk.css
copying file ./Payload/Scrabble Calculator.app/www/static/js/runtime~main.bcbcd680.js ... 
2020-07-18 18:13:54 +0000  1573 bytes for ./Payload/Scrabble Calculator.app/www/static/js/runtime~main.bcbcd680.js
copying file ./Payload/Scrabble Calculator.app/www/static/js/main.d36e7626.chunk.js.map ... 
2020-07-18 18:13:54 +0000  89850 bytes for ./Payload/Scrabble Calculator.app/www/static/js/main.d36e7626.chunk.js.map
2020-07-18 18:13:54 +0000  copying file ./Payload/Scrabble Calculator.app/www/static/js/2.94dff19d.chunk.js.map ... 
2020-07-18 18:13:54 +0000  954121 bytes for ./Payload/Scrabble Calculator.app/www/static/js/2.94dff19d.chunk.js.map
2020-07-18 18:13:54 +0000  copying file ./Payload/Scrabble Calculator.app/www/static/js/main.d36e7626.chunk.js ... 
37537 bytes for ./Payload/Scrabble Calculator.app/www/static/js/main.d36e7626.chunk.js
copying file ./Payload/Scrabble Calculator.app/www/static/js/runtime~main.bcbcd680.js.map ... 
8294 bytes for ./Payload/Scrabble Calculator.app/www/static/js/runtime~main.bcbcd680.js.map
copying file ./Payload/Scrabble Calculator.app/www/static/js/2.94dff19d.chunk.js ... 
2020-07-18 18:13:54 +0000  269199 bytes for ./Payload/Scrabble Calculator.app/www/static/js/2.94dff19d.chunk.js
2020-07-18 18:13:54 +0000  copying file ./Payload/Scrabble Calculator.app/www/cordova-js-src/exec.js ... 
2020-07-18 18:13:54 +0000  8856 bytes for ./Payload/Scrabble Calculator.app/www/cordova-js-src/exec.js
2020-07-18 18:13:54 +0000  copying file ./Payload/Scrabble Calculator.app/www/cordova-js-src/plugin/ios/logger.js ... 
2020-07-18 18:13:54 +0000  10181 bytes for ./Payload/Scrabble Calculator.app/www/cordova-js-src/plugin/ios/logger.js
copying file ./Payload/Scrabble Calculator.app/www/cordova-js-src/plugin/ios/console.js ... 
2020-07-18 18:13:54 +0000  6873 bytes for ./Payload/Scrabble Calculator.app/www/cordova-js-src/plugin/ios/console.js
copying file ./Payload/Scrabble Calculator.app/www/cordova-js-src/platform.js ... 
2020-07-18 18:13:54 +0000  1168 bytes for ./Payload/Scrabble Calculator.app/www/cordova-js-src/platform.js
copying file ./Payload/Scrabble Calculator.app/www/manifest.json ... 
2020-07-18 18:13:54 +0000  318 bytes for ./Payload/Scrabble Calculator.app/www/manifest.json
copying file ./Payload/Scrabble Calculator.app/www/cordova_plugins.js ... 
730 bytes for ./Payload/Scrabble Calculator.app/www/cordova_plugins.js
copying file ./Payload/Scrabble Calculator.app/www/service-worker.js ... 
2020-07-18 18:13:54 +0000  1183 bytes for ./Payload/Scrabble Calculator.app/www/service-worker.js
copying file ./Payload/Scrabble Calculator.app/www/precache-manifest.5049a71971ed81fa75d30cafcf043e92.js ... 
635 bytes for ./Payload/Scrabble Calculator.app/www/precache-manifest.5049a71971ed81fa75d30cafcf043e92.js
2020-07-18 18:13:54 +0000  copying file ./Payload/Scrabble Calculator.app/www/privacy_policy.html ... 
2020-07-18 18:13:54 +0000  8600 bytes for ./Payload/Scrabble Calculator.app/www/privacy_policy.html
copying file ./Payload/Scrabble Calculator.app/www/wk-plugin.js ... 
2020-07-18 18:13:54 +0000  1388 bytes for ./Payload/Scrabble Calculator.app/www/wk-plugin.js
copying file ./Payload/Scrabble Calculator.app/LaunchImage-Landscape~ipad.png ... 
2020-07-18 18:13:54 +0000  362580 bytes for ./Payload/Scrabble Calculator.app/LaunchImage-Landscape~ipad.png
copying file ./Payload/Scrabble Calculator.app/LaunchImage-700-Portrait~ipad.png ... 
2020-07-18 18:13:54 +0000  269495 bytes for ./Payload/Scrabble Calculator.app/LaunchImage-700-Portrait~ipad.png
2020-07-18 18:13:54 +0000  copying file ./Payload/Scrabble Calculator.app/Assets.car ... 
2020-07-18 18:13:54 +0000  259976 bytes for ./Payload/Scrabble Calculator.app/Assets.car
2020-07-18 18:13:54 +0000  copying file ./Payload/Scrabble Calculator.app/AppIcon76x76@2x~ipad.png ... 
2020-07-18 18:13:54 +0000  11121 bytes for ./Payload/Scrabble Calculator.app/AppIcon76x76@2x~ipad.png
copying file ./Payload/Scrabble Calculator.app/LaunchImage-800-Portrait-736h@3x.png ... 
2020-07-18 18:13:54 +0000  1393650 bytes for ./Payload/Scrabble Calculator.app/LaunchImage-800-Portrait-736h@3x.png
2020-07-18 18:13:54 +0000  copying file ./Payload/Scrabble Calculator.app/CDVLaunchScreen.storyboardc/01J-lp-oVM-view-Ze5-6b-2t3.nib/objects-13.0+.nib ... 
2020-07-18 18:13:54 +0000  2329 bytes for ./Payload/Scrabble Calculator.app/CDVLaunchScreen.storyboardc/01J-lp-oVM-view-Ze5-6b-2t3.nib/objects-13.0+.nib
copying file ./Payload/Scrabble Calculator.app/CDVLaunchScreen.storyboardc/01J-lp-oVM-view-Ze5-6b-2t3.nib/runtime.nib ... 
2325 bytes for ./Payload/Scrabble Calculator.app/CDVLaunchScreen.storyboardc/01J-lp-oVM-view-Ze5-6b-2t3.nib/runtime.nib
2020-07-18 18:13:54 +0000  copying file ./Payload/Scrabble Calculator.app/CDVLaunchScreen.storyboardc/UIViewController-01J-lp-oVM.nib/objects-13.0+.nib ... 
896 bytes for ./Payload/Scrabble Calculator.app/CDVLaunchScreen.storyboardc/UIViewController-01J-lp-oVM.nib/objects-13.0+.nib
2020-07-18 18:13:54 +0000  copying file ./Payload/Scrabble Calculator.app/CDVLaunchScreen.storyboardc/UIViewController-01J-lp-oVM.nib/runtime.nib ... 
896 bytes for ./Payload/Scrabble Calculator.app/CDVLaunchScreen.storyboardc/UIViewController-01J-lp-oVM.nib/runtime.nib
copying file ./Payload/Scrabble Calculator.app/CDVLaunchScreen.storyboardc/Info.plist ... 
2020-07-18 18:13:54 +0000  258 bytes for ./Payload/Scrabble Calculator.app/CDVLaunchScreen.storyboardc/Info.plist
copying file ./Payload/Scrabble Calculator.app/LaunchImage-700@2x.png ... 
2020-07-18 18:13:54 +0000  191387 bytes for ./Payload/Scrabble Calculator.app/LaunchImage-700@2x.png
copying file ./Payload/Scrabble Calculator.app/LaunchImage-700-568h@2x.png ... 
2020-07-18 18:13:54 +0000  265580 bytes for ./Payload/Scrabble Calculator.app/LaunchImage-700-568h@2x.png
2020-07-18 18:13:54 +0000  copying file ./Payload/Scrabble Calculator.app/LaunchImage-Landscape@2x~ipad.png ... 
2020-07-18 18:13:54 +0000  2369723 bytes for ./Payload/Scrabble Calculator.app/LaunchImage-Landscape@2x~ipad.png
2020-07-18 18:13:54 +0000  copying file ./Payload/Scrabble Calculator.app/LaunchImage-700-Landscape@2x~ipad.png ... 
2020-07-18 18:13:54 +0000  2369723 bytes for ./Payload/Scrabble Calculator.app/LaunchImage-700-Landscape@2x~ipad.png
2020-07-18 18:13:54 +0000  copying file ./Payload/Scrabble Calculator.app/LaunchImage.png ... 
56812 bytes for ./Payload/Scrabble Calculator.app/LaunchImage.png
copying file ./Payload/Scrabble Calculator.app/embedded.mobileprovision ... 
2020-07-18 18:13:54 +0000  7329 bytes for ./Payload/Scrabble Calculator.app/embedded.mobileprovision
copying file ./Payload/Scrabble Calculator.app/LaunchImage-800-Landscape-736h@3x.png ... 
2020-07-18 18:13:54 +0000  1841249 bytes for ./Payload/Scrabble Calculator.app/LaunchImage-800-Landscape-736h@3x.png
2020-07-18 18:13:54 +0000  copying file ./Payload/Scrabble Calculator.app/LaunchImage-700-Portrait@2x~ipad.png ... 
2020-07-18 18:13:54 +0000  1465090 bytes for ./Payload/Scrabble Calculator.app/LaunchImage-700-Portrait@2x~ipad.png
2020-07-18 18:13:54 +0000  copying file ./Payload/Scrabble Calculator.app/LaunchImage-700-Landscape~ipad.png ... 
2020-07-18 18:13:54 +0000  362580 bytes for ./Payload/Scrabble Calculator.app/LaunchImage-700-Landscape~ipad.png
2020-07-18 18:13:54 +0000  copying file ./Payload/Scrabble Calculator.app/Info.plist ... 
2082 bytes for ./Payload/Scrabble Calculator.app/Info.plist
copying file ./Payload/Scrabble Calculator.app/PkgInfo ... 
2020-07-18 18:13:54 +0000  8 bytes for ./Payload/Scrabble Calculator.app/PkgInfo
copying file ./Symbols/3BEE50E4-2FBC-3882-9B68-158DB24B9EEB.symbols ... 
2020-07-18 18:13:54 +0000  89856 bytes for ./Symbols/3BEE50E4-2FBC-3882-9B68-158DB24B9EEB.symbols
2020-07-18 18:13:55 +0000  /usr/bin/ditto exited with 0
2020-07-18 18:13:55 +0000  Processing step: IDEDistributionAppStoreInformationStep
2020-07-18 18:13:55 +0000  Skipping step: IDEDistributionAppStoreInformationStep because it said so
2020-07-18 18:13:55 +0000  Processing step: IDEDistributionGenerateProcessedDistributionItems
2020-07-18 18:13:55 +0000  Processing step: IDEDistributionCreateManifestStep
2020-07-18 18:13:55 +0000  Skipping step: IDEDistributionCreateManifestStep because it said so
